
D:\Projects\Technosoft\BradFord\Software\CEL\CMP4020\ambd_sdk\project\realtek_amebaD_va0_example\EWARM-RELEASE>cd /D "D:\Projects\Technosoft\BradFord\Software\CEL\CMP4020\ambd_sdk\project\realtek_amebaD_va0_example\EWARM-RELEASE" 

D:\Projects\Technosoft\BradFord\Software\CEL\CMP4020\ambd_sdk\project\realtek_amebaD_va0_example\EWARM-RELEASE>set tooldir="D:\Projects\Technosoft\BradFord\Software\CEL\CMP4020\ambd_sdk\project\realtek_amebaD_va0_example\EWARM-RELEASE"\..\..\..\component\soc\realtek\amebad\misc\iar_utility\common\tools 

D:\Projects\Technosoft\BradFord\Software\CEL\CMP4020\ambd_sdk\project\realtek_amebaD_va0_example\EWARM-RELEASE>set libdir="D:\Projects\Technosoft\BradFord\Software\CEL\CMP4020\ambd_sdk\project\realtek_amebaD_va0_example\EWARM-RELEASE"\..\..\..\component\soc\realtek\amebad\misc\bsp 

D:\Projects\Technosoft\BradFord\Software\CEL\CMP4020\ambd_sdk\project\realtek_amebaD_va0_example\EWARM-RELEASE>set iartooldir="C:\iar\ewarm-9.60.2\arm" 

D:\Projects\Technosoft\BradFord\Software\CEL\CMP4020\ambd_sdk\project\realtek_amebaD_va0_example\EWARM-RELEASE>set build_type="normal" 

D:\Projects\Technosoft\BradFord\Software\CEL\CMP4020\ambd_sdk\project\realtek_amebaD_va0_example\EWARM-RELEASE>set km4_dir=Debug\Exe\km4_image 

D:\Projects\Technosoft\BradFord\Software\CEL\CMP4020\ambd_sdk\project\realtek_amebaD_va0_example\EWARM-RELEASE>set km0_dir=Debug\Exe\km0_image 

D:\Projects\Technosoft\BradFord\Software\CEL\CMP4020\ambd_sdk\project\realtek_amebaD_va0_example\EWARM-RELEASE>del Debug\Exe\km4_image\km4_application.map Debug\Exe\km4_image\km4_application.asm Debug\Exe\km4_image\km4_application.dbg.axf  1>NULL 2>&1 

D:\Projects\Technosoft\BradFord\Software\CEL\CMP4020\ambd_sdk\project\realtek_amebaD_va0_example\EWARM-RELEASE>cmd /c ""D:\Projects\Technosoft\BradFord\Software\CEL\CMP4020\ambd_sdk\project\realtek_amebaD_va0_example\EWARM-RELEASE"\..\..\..\component\soc\realtek\amebad\misc\iar_utility\common\tools\nm Debug/Exe/km4_image/km4_application.axf | "D:\Projects\Technosoft\BradFord\Software\CEL\CMP4020\ambd_sdk\project\realtek_amebaD_va0_example\EWARM-RELEASE"\..\..\..\component\soc\realtek\amebad\misc\iar_utility\common\tools\sort > Debug/Exe/km4_image/km4_application.map" 

D:\Projects\Technosoft\BradFord\Software\CEL\CMP4020\ambd_sdk\project\realtek_amebaD_va0_example\EWARM-RELEASE>cmd /c ""D:\Projects\Technosoft\BradFord\Software\CEL\CMP4020\ambd_sdk\project\realtek_amebaD_va0_example\EWARM-RELEASE"\..\..\..\component\soc\realtek\amebad\misc\iar_utility\common\tools\objdump -d Debug/Exe/km4_image/km4_application.axf > Debug/Exe/km4_image/km4_application.asm" 

D:\Projects\Technosoft\BradFord\Software\CEL\CMP4020\ambd_sdk\project\realtek_amebaD_va0_example\EWARM-RELEASE>for /F "delims=" %i in ('cmd /c ""D:\Projects\Technosoft\BradFord\Software\CEL\CMP4020\ambd_sdk\project\realtek_amebaD_va0_example\EWARM-RELEASE"\..\..\..\component\soc\realtek\amebad\misc\iar_utility\common\tools\grep IMAGE2 Debug/Exe/km4_image/km4_application.map | "D:\Projects\Technosoft\BradFord\Software\CEL\CMP4020\ambd_sdk\project\realtek_amebaD_va0_example\EWARM-RELEASE"\..\..\..\component\soc\realtek\amebad\misc\iar_utility\common\tools\grep Base | "D:\Projects\Technosoft\BradFord\Software\CEL\CMP4020\ambd_sdk\project\realtek_amebaD_va0_example\EWARM-RELEASE"\..\..\..\component\soc\realtek\amebad\misc\iar_utility\common\tools\gawk '{print $1}'"') do set ram2_start=0x%i 

D:\Projects\Technosoft\BradFord\Software\CEL\CMP4020\ambd_sdk\project\realtek_amebaD_va0_example\EWARM-RELEASE>set ram2_start=0x10005000 

D:\Projects\Technosoft\BradFord\Software\CEL\CMP4020\ambd_sdk\project\realtek_amebaD_va0_example\EWARM-RELEASE>for /F "delims=" %i in ('cmd /c ""D:\Projects\Technosoft\BradFord\Software\CEL\CMP4020\ambd_sdk\project\realtek_amebaD_va0_example\EWARM-RELEASE"\..\..\..\component\soc\realtek\amebad\misc\iar_utility\common\tools\grep IMAGE2 Debug/Exe/km4_image/km4_application.map | "D:\Projects\Technosoft\BradFord\Software\CEL\CMP4020\ambd_sdk\project\realtek_amebaD_va0_example\EWARM-RELEASE"\..\..\..\component\soc\realtek\amebad\misc\iar_utility\common\tools\grep Limit | "D:\Projects\Technosoft\BradFord\Software\CEL\CMP4020\ambd_sdk\project\realtek_amebaD_va0_example\EWARM-RELEASE"\..\..\..\component\soc\realtek\amebad\misc\iar_utility\common\tools\gawk '{print $1}'"') do set ram2_end=0x%i 

D:\Projects\Technosoft\BradFord\Software\CEL\CMP4020\ambd_sdk\project\realtek_amebaD_va0_example\EWARM-RELEASE>set ram2_end=0x1001c6b1 

D:\Projects\Technosoft\BradFord\Software\CEL\CMP4020\ambd_sdk\project\realtek_amebaD_va0_example\EWARM-RELEASE>for /F "delims=" %i in ('cmd /c ""D:\Projects\Technosoft\BradFord\Software\CEL\CMP4020\ambd_sdk\project\realtek_amebaD_va0_example\EWARM-RELEASE"\..\..\..\component\soc\realtek\amebad\misc\iar_utility\common\tools\grep xip_image2 Debug/Exe/km4_image/km4_application.map | "D:\Projects\Technosoft\BradFord\Software\CEL\CMP4020\ambd_sdk\project\realtek_amebaD_va0_example\EWARM-RELEASE"\..\..\..\component\soc\realtek\amebad\misc\iar_utility\common\tools\grep Base | "D:\Projects\Technosoft\BradFord\Software\CEL\CMP4020\ambd_sdk\project\realtek_amebaD_va0_example\EWARM-RELEASE"\..\..\..\component\soc\realtek\amebad\misc\iar_utility\common\tools\gawk '{print $1}'"') do set xip_image2_start=0x%i 

D:\Projects\Technosoft\BradFord\Software\CEL\CMP4020\ambd_sdk\project\realtek_amebaD_va0_example\EWARM-RELEASE>set xip_image2_start=0x0e000020 

D:\Projects\Technosoft\BradFord\Software\CEL\CMP4020\ambd_sdk\project\realtek_amebaD_va0_example\EWARM-RELEASE>for /F "delims=" %i in ('cmd /c ""D:\Projects\Technosoft\BradFord\Software\CEL\CMP4020\ambd_sdk\project\realtek_amebaD_va0_example\EWARM-RELEASE"\..\..\..\component\soc\realtek\amebad\misc\iar_utility\common\tools\grep xip_image2 Debug/Exe/km4_image/km4_application.map | "D:\Projects\Technosoft\BradFord\Software\CEL\CMP4020\ambd_sdk\project\realtek_amebaD_va0_example\EWARM-RELEASE"\..\..\..\component\soc\realtek\amebad\misc\iar_utility\common\tools\grep Limit | "D:\Projects\Technosoft\BradFord\Software\CEL\CMP4020\ambd_sdk\project\realtek_amebaD_va0_example\EWARM-RELEASE"\..\..\..\component\soc\realtek\amebad\misc\iar_utility\common\tools\gawk '{print $1}'"') do set xip_image2_end=0x%i 

D:\Projects\Technosoft\BradFord\Software\CEL\CMP4020\ambd_sdk\project\realtek_amebaD_va0_example\EWARM-RELEASE>set xip_image2_end=0x0e0932e4 

D:\Projects\Technosoft\BradFord\Software\CEL\CMP4020\ambd_sdk\project\realtek_amebaD_va0_example\EWARM-RELEASE>for /F "delims=" %i in ('cmd /c ""D:\Projects\Technosoft\BradFord\Software\CEL\CMP4020\ambd_sdk\project\realtek_amebaD_va0_example\EWARM-RELEASE"\..\..\..\component\soc\realtek\amebad\misc\iar_utility\common\tools\grep IMG2_PSRAM Debug/Exe/km4_image/km4_application.map | "D:\Projects\Technosoft\BradFord\Software\CEL\CMP4020\ambd_sdk\project\realtek_amebaD_va0_example\EWARM-RELEASE"\..\..\..\component\soc\realtek\amebad\misc\iar_utility\common\tools\grep Base | "D:\Projects\Technosoft\BradFord\Software\CEL\CMP4020\ambd_sdk\project\realtek_amebaD_va0_example\EWARM-RELEASE"\..\..\..\component\soc\realtek\amebad\misc\iar_utility\common\tools\gawk '{print $1}'"') do set psram2_start=0x%i 

D:\Projects\Technosoft\BradFord\Software\CEL\CMP4020\ambd_sdk\project\realtek_amebaD_va0_example\EWARM-RELEASE>set psram2_start=0x02000020 

D:\Projects\Technosoft\BradFord\Software\CEL\CMP4020\ambd_sdk\project\realtek_amebaD_va0_example\EWARM-RELEASE>for /F "delims=" %i in ('cmd /c ""D:\Projects\Technosoft\BradFord\Software\CEL\CMP4020\ambd_sdk\project\realtek_amebaD_va0_example\EWARM-RELEASE"\..\..\..\component\soc\realtek\amebad\misc\iar_utility\common\tools\grep IMG2_PSRAM Debug/Exe/km4_image/km4_application.map | "D:\Projects\Technosoft\BradFord\Software\CEL\CMP4020\ambd_sdk\project\realtek_amebaD_va0_example\EWARM-RELEASE"\..\..\..\component\soc\realtek\amebad\misc\iar_utility\common\tools\grep Limit | "D:\Projects\Technosoft\BradFord\Software\CEL\CMP4020\ambd_sdk\project\realtek_amebaD_va0_example\EWARM-RELEASE"\..\..\..\component\soc\realtek\amebad\misc\iar_utility\common\tools\gawk '{print $1}'"') do set psram2_end=0x%i 

D:\Projects\Technosoft\BradFord\Software\CEL\CMP4020\ambd_sdk\project\realtek_amebaD_va0_example\EWARM-RELEASE>set psram2_end=0x02000020 
sectname_ram2: A4 sectname_xip: A5 sectname_psram2: A7
is_law = 1
start = 10005000, end = 1001c6b1, base = 10000000
Input file size: 95921
copy size 95921
is_law = 1
start = 2000020, end = 2000020, base = 2000000
Input file size: 0
copy size 0
pad.exe, img_len: 176b1, pad_len: 3
pad.exe, img_len: 932c4, pad_len: 0
pad.exe, img_len: 0, pad_len: 0
start = 10005000, end = 1001c6b4, base = 10000000
Input file size: 95924
copy size 95924
start = e000020, end = e0932e4, base = e000000
Input file size: 602820
copy size 602820
start = 2000020, end = 2000020, base = 2000000
Input file size: 0
copy size 0
Debug\Exe\km4_image\xip_image2.p.bin
Debug\Exe\km4_image\ram_2.p.bin
Debug\Exe\km4_image\psram_2.p.bin
        1 file(s) copied.
pad.exe, img_len: aa9d8, pad_len: 628
Debug\Exe\km0_image\km0_image2_all.bin
Debug\Exe\km4_image\km4_image2_all.bin
        1 file(s) copied.
        1 file(s) copied.
The file cannot be copied onto itself.
        0 file(s) copied.

   IAR ELF Linker V9.60.2.399/W64 for ARM
   Copyright 2007-2024 IAR Systems AB.

  782'336 bytes of readonly  data memory

Errors: none
Warnings: none

Link time:   0.05 (CPU)   0.05 (elapsed)
cygwin warning:
  MS-DOS style path detected: Debug\Exe\km4_image\km4_application.dbg.axf
  Preferred POSIX equivalent is: Debug/Exe/km4_image/km4_application.dbg.axf
  CYGWIN environment variable option "nodosfilewarning" turns off this warning.
  Consult the user's guide for more details about POSIX paths:
    http://cygwin.com/cygwin-ug-net/using.html#using-pathnames
