
D:\Projects\Technosoft\BradFord\Software\CEL\CMP4020\ambd_sdk\project\realtek_amebaD_va0_example\EWARM-RELEASE>cd /D "D:\Projects\Technosoft\BradFord\Software\CEL\CMP4020\ambd_sdk\project\realtek_amebaD_va0_example\EWARM-RELEASE" 

D:\Projects\Technosoft\BradFord\Software\CEL\CMP4020\ambd_sdk\project\realtek_amebaD_va0_example\EWARM-RELEASE>set tooldir="D:\Projects\Technosoft\BradFord\Software\CEL\CMP4020\ambd_sdk\project\realtek_amebaD_va0_example\EWARM-RELEASE"\..\..\..\component\soc\realtek\amebad\misc\iar_utility\common\tools 

D:\Projects\Technosoft\BradFord\Software\CEL\CMP4020\ambd_sdk\project\realtek_amebaD_va0_example\EWARM-RELEASE>set libdir="D:\Projects\Technosoft\BradFord\Software\CEL\CMP4020\ambd_sdk\project\realtek_amebaD_va0_example\EWARM-RELEASE"\..\..\..\component\soc\realtek\amebad\misc\bsp 

D:\Projects\Technosoft\BradFord\Software\CEL\CMP4020\ambd_sdk\project\realtek_amebaD_va0_example\EWARM-RELEASE>set iartooldir="C:\iar\ewarm-9.60.2\arm" 

D:\Projects\Technosoft\BradFord\Software\CEL\CMP4020\ambd_sdk\project\realtek_amebaD_va0_example\EWARM-RELEASE>set km0_dir=Debug\Exe\km0_image 

D:\Projects\Technosoft\BradFord\Software\CEL\CMP4020\ambd_sdk\project\realtek_amebaD_va0_example\EWARM-RELEASE>del Debug\Exe\km0_image\km0_bootloader.map Debug\Exe\km0_image\km0_bootloader.asm Debug\Exe\km0_image\km0_bootloader.dbg.axf 

D:\Projects\Technosoft\BradFord\Software\CEL\CMP4020\ambd_sdk\project\realtek_amebaD_va0_example\EWARM-RELEASE>cmd /c ""D:\Projects\Technosoft\BradFord\Software\CEL\CMP4020\ambd_sdk\project\realtek_amebaD_va0_example\EWARM-RELEASE"\..\..\..\component\soc\realtek\amebad\misc\iar_utility\common\tools\nm Debug/Exe/km0_image/km0_bootloader.axf | "D:\Projects\Technosoft\BradFord\Software\CEL\CMP4020\ambd_sdk\project\realtek_amebaD_va0_example\EWARM-RELEASE"\..\..\..\component\soc\realtek\amebad\misc\iar_utility\common\tools\sort > Debug/Exe/km0_image/km0_bootloader.map" 

D:\Projects\Technosoft\BradFord\Software\CEL\CMP4020\ambd_sdk\project\realtek_amebaD_va0_example\EWARM-RELEASE>cmd /c ""D:\Projects\Technosoft\BradFord\Software\CEL\CMP4020\ambd_sdk\project\realtek_amebaD_va0_example\EWARM-RELEASE"\..\..\..\component\soc\realtek\amebad\misc\iar_utility\common\tools\objdump -d Debug/Exe/km0_image/km0_bootloader.axf > Debug/Exe/km0_image/km0_bootloader.asm" 

D:\Projects\Technosoft\BradFord\Software\CEL\CMP4020\ambd_sdk\project\realtek_amebaD_va0_example\EWARM-RELEASE>for /F "delims=" %i in ('cmd /c ""D:\Projects\Technosoft\BradFord\Software\CEL\CMP4020\ambd_sdk\project\realtek_amebaD_va0_example\EWARM-RELEASE"\..\..\..\component\soc\realtek\amebad\misc\iar_utility\common\tools\grep IMAGE1 Debug/Exe/km0_image/km0_bootloader.map | "D:\Projects\Technosoft\BradFord\Software\CEL\CMP4020\ambd_sdk\project\realtek_amebaD_va0_example\EWARM-RELEASE"\..\..\..\component\soc\realtek\amebad\misc\iar_utility\common\tools\grep Base | "D:\Projects\Technosoft\BradFord\Software\CEL\CMP4020\ambd_sdk\project\realtek_amebaD_va0_example\EWARM-RELEASE"\..\..\..\component\soc\realtek\amebad\misc\iar_utility\common\tools\gawk '{print $1}'"') do set ram1_start=0x%i 

D:\Projects\Technosoft\BradFord\Software\CEL\CMP4020\ambd_sdk\project\realtek_amebaD_va0_example\EWARM-RELEASE>set ram1_start=0x00082000 

D:\Projects\Technosoft\BradFord\Software\CEL\CMP4020\ambd_sdk\project\realtek_amebaD_va0_example\EWARM-RELEASE>for /F "delims=" %i in ('cmd /c ""D:\Projects\Technosoft\BradFord\Software\CEL\CMP4020\ambd_sdk\project\realtek_amebaD_va0_example\EWARM-RELEASE"\..\..\..\component\soc\realtek\amebad\misc\iar_utility\common\tools\grep IMAGE1 Debug/Exe/km0_image/km0_bootloader.map | "D:\Projects\Technosoft\BradFord\Software\CEL\CMP4020\ambd_sdk\project\realtek_amebaD_va0_example\EWARM-RELEASE"\..\..\..\component\soc\realtek\amebad\misc\iar_utility\common\tools\grep Limit | "D:\Projects\Technosoft\BradFord\Software\CEL\CMP4020\ambd_sdk\project\realtek_amebaD_va0_example\EWARM-RELEASE"\..\..\..\component\soc\realtek\amebad\misc\iar_utility\common\tools\gawk '{print $1}'"') do set ram1_end=0x%i 

D:\Projects\Technosoft\BradFord\Software\CEL\CMP4020\ambd_sdk\project\realtek_amebaD_va0_example\EWARM-RELEASE>set ram1_end=0x000828be 

D:\Projects\Technosoft\BradFord\Software\CEL\CMP4020\ambd_sdk\project\realtek_amebaD_va0_example\EWARM-RELEASE>for /F "delims=" %i in ('cmd /c ""D:\Projects\Technosoft\BradFord\Software\CEL\CMP4020\ambd_sdk\project\realtek_amebaD_va0_example\EWARM-RELEASE"\..\..\..\component\soc\realtek\amebad\misc\iar_utility\common\tools\grep xip_image1 Debug/Exe/km0_image/km0_bootloader.map | "D:\Projects\Technosoft\BradFord\Software\CEL\CMP4020\ambd_sdk\project\realtek_amebaD_va0_example\EWARM-RELEASE"\..\..\..\component\soc\realtek\amebad\misc\iar_utility\common\tools\grep Base | "D:\Projects\Technosoft\BradFord\Software\CEL\CMP4020\ambd_sdk\project\realtek_amebaD_va0_example\EWARM-RELEASE"\..\..\..\component\soc\realtek\amebad\misc\iar_utility\common\tools\gawk '{print $1}'"') do set xip_image1_start=0x%i 

D:\Projects\Technosoft\BradFord\Software\CEL\CMP4020\ambd_sdk\project\realtek_amebaD_va0_example\EWARM-RELEASE>set xip_image1_start=0x08000020 

D:\Projects\Technosoft\BradFord\Software\CEL\CMP4020\ambd_sdk\project\realtek_amebaD_va0_example\EWARM-RELEASE>for /F "delims=" %i in ('cmd /c ""D:\Projects\Technosoft\BradFord\Software\CEL\CMP4020\ambd_sdk\project\realtek_amebaD_va0_example\EWARM-RELEASE"\..\..\..\component\soc\realtek\amebad\misc\iar_utility\common\tools\grep xip_image1 Debug/Exe/km0_image/km0_bootloader.map | "D:\Projects\Technosoft\BradFord\Software\CEL\CMP4020\ambd_sdk\project\realtek_amebaD_va0_example\EWARM-RELEASE"\..\..\..\component\soc\realtek\amebad\misc\iar_utility\common\tools\grep Limit | "D:\Projects\Technosoft\BradFord\Software\CEL\CMP4020\ambd_sdk\project\realtek_amebaD_va0_example\EWARM-RELEASE"\..\..\..\component\soc\realtek\amebad\misc\iar_utility\common\tools\gawk '{print $1}'"') do set xip_image1_end=0x%i 

D:\Projects\Technosoft\BradFord\Software\CEL\CMP4020\ambd_sdk\project\realtek_amebaD_va0_example\EWARM-RELEASE>set xip_image1_end=0x08000720 
sectname_ram1: A3 sectname_xip: A5
start = 82000, end = 828be, base = 80000
Input file size: 2238
copy size 2238
start = 8000020, end = 8000720, base = 8000000
Input file size: 1792
copy size 1792
Debug\Exe\km0_image\xip_image1.p.bin
Debug\Exe\km0_image\ram_1.p.bin
        1 file(s) copied.

   IAR ELF Linker V9.60.2.399/W64 for ARM
   Copyright 2007-2024 IAR Systems AB.

  4'094 bytes of readonly  data memory

Errors: none
Warnings: none

Link time:   0.03 (CPU)   0.03 (elapsed)
